
> rest-express@1.0.0 build
> npx tsx script/build.ts

building client...
[36mvite v7.1.12 [32mbuilding for production...[36m[39m
transforming...
node.exe : [33mnode_
modules/ox/_esm/core/
Base64.js (6:27): A 
comment
At line:1 char:1
+ & "C:\Program Files
\nodejs/node.exe" 
"C:\Program 
Files\nodejs/node_mo 
...
+ ~~~~~~~~~~~~~~~~~~~
~~~~~~~~~~~~~~~~~~~~~
~~~~~~~~~~~~~~~~~~~~~
~~~~~~~~
    + CategoryInfo   
           : NotSpe  
  cified: ([33mno   
 de_modul...:27):    
 A comment:Strin    
g) [], RemoteExc    
eption
    + FullyQualified 
   ErrorId : Native  
  CommandError
 

"/*#__PURE__*/"

in "node_modules/ox/_
esm/core/Base64.js" 
contains an 
annotation that 
Rollup cannot 
interpret due to the 
position of the 
comment. The comment 
will be removed to 
avoid issues.[39m
[33mnode_modules/@ba
se-org/account/node_m
odules/ox/_esm/core/A
ddress.js (6:21): A 
comment

"/*#__PURE__*/"

in "node_modules/@bas
e-org/account/node_mo
dules/ox/_esm/core/Ad
dress.js" contains 
an annotation that 
Rollup cannot 
interpret due to the 
position of the 
comment. The comment 
will be removed to 
avoid issues.[39m
[33mnode_modules/@ba
se-org/account/node_m
odules/ox/_esm/core/B
ase64.js (6:27): A 
comment

"/*#__PURE__*/"

in "node_modules/@bas
e-org/account/node_mo
dules/ox/_esm/core/Ba
se64.js" contains an 
annotation that 
Rollup cannot 
interpret due to the 
position of the 
comment. The comment 
will be removed to 
avoid issues.[39m
[33mnode_modules/@ba
se-org/account/node_m
odules/ox/_esm/core/i
nternal/cursor.js 
(2:21): A comment

"/*#__PURE__*/"

in "node_modules/@bas
e-org/account/node_mo
dules/ox/_esm/core/in
ternal/cursor.js" 
contains an 
annotation that 
Rollup cannot 
interpret due to the 
position of the 
comment. The comment 
will be removed to 
avoid issues.[39m
[32mΓ£ô[39m 5513 modules transformed.
rendering chunks...
[meta-images] no Replit deployment domain found, skipping meta tag updates
computing gzip size...
[2m../dist/public/[22m[32mindex.html                                       [39m[1m[2m    1.19 kB[22m[1m[22m[2m Γöé gzip:   0.55 kB[22m
[2m../dist/public/[22m[35massets/index-DsSuhm57.css                        [39m[1m[2m  150.58 kB[22m[1m[22m[2m Γöé gzip:  23.56 kB[22m
[2m../dist/public/[22m[36massets/connectors_false-K89u2u_D.js              [39m[1m[2m    0.11 kB[22m[1m[22m[2m Γöé gzip:   0.11 kB[22m
[2m../dist/public/[22m[36massets/connectors_false-CBUJNXH8.js              [39m[1m[2m    0.12 kB[22m[1m[22m[2m Γöé gzip:   0.13 kB[22m
[2m../dist/public/[22m[36massets/celo-GEP4TUHG-CenIBYLU.js                 [39m[1m[2m    0.51 kB[22m[1m[22m[2m Γöé gzip:   0.31 kB[22m
[2m../dist/public/[22m[36massets/Windows-PPTHQER6-BlyV2p7Y.js              [39m[1m[2m    0.52 kB[22m[1m[22m[2m Γöé gzip:   0.29 kB[22m
[2m../dist/public/[22m[36massets/zetachain-TLDS5IPW-Udhyw16T.js            [39m[1m[2m    0.60 kB[22m[1m[22m[2m Γöé gzip:   0.38 kB[22m
[2m../dist/public/[22m[36massets/base-OAXLRA4F-CoYTVIiL.js                 [39m[1m[2m    0.60 kB[22m[1m[22m[2m Γöé gzip:   0.33 kB[22m
[2m../dist/public/[22m[36massets/hyperevm-VKPAA4SA-CHwraEsx.js             [39m[1m[2m    0.73 kB[22m[1m[22m[2m Γöé gzip:   0.41 kB[22m
[2m../dist/public/[22m[36massets/optimism-HAF2GUT7-ec6Nqxs9.js             [39m[1m[2m    0.73 kB[22m[1m[22m[2m Γöé gzip:   0.38 kB[22m
[2m../dist/public/[22m[36massets/monad-4KWC6TSS-DVXSkpiz.js                [39m[1m[2m    0.74 kB[22m[1m[22m[2m Γöé gzip:   0.40 kB[22m
[2m../dist/public/[22m[36massets/flow-5FQJFCTK-CUie2reO.js                 [39m[1m[2m    0.86 kB[22m[1m[22m[2m Γöé gzip:   0.39 kB[22m
[2m../dist/public/[22m[36massets/baseAccount-44UITRK7-CsjdbWCf.js          [39m[1m[2m    0.90 kB[22m[1m[22m[2m Γöé gzip:   0.39 kB[22m
[2m../dist/public/[22m[36massets/unichain-C5BWO2ZY-BfguYsnu.js             [39m[1m[2m    0.98 kB[22m[1m[22m[2m Γöé gzip:   0.46 kB[22m
[2m../dist/public/[22m[36massets/superposition-HG6MMR2Y-bRkgatRO.js        [39m[1m[2m    0.99 kB[22m[1m[22m[2m Γöé gzip:   0.55 kB[22m
[2m../dist/public/[22m[36massets/linea-QRMVQ5DY-DuI3vv0d.js                [39m[1m[2m    1.05 kB[22m[1m[22m[2m Γöé gzip:   0.47 kB[22m
[2m../dist/public/[22m[36massets/zksync-DH7HK5U4-Dt4usFw6.js               [39m[1m[2m    1.11 kB[22m[1m[22m[2m Γöé gzip:   0.49 kB[22m
[2m../dist/public/[22m[36massets/avalanche-KOMJD3XY-Dsn_JPR4.js            [39m[1m[2m    1.27 kB[22m[1m[22m[2m Γöé gzip:   0.66 kB[22m
[2m../dist/public/[22m[36massets/xdc-KJ3TDBYO-DNV6zchh.js                  [39m[1m[2m    1.31 kB[22m[1m[22m[2m Γöé gzip:   0.60 kB[22m
[2m../dist/public/[22m[36massets/ethereum-RGGVA4PY-SWGOlkuk.js             [39m[1m[2m    1.37 kB[22m[1m[22m[2m Γöé gzip:   0.45 kB[22m
[2m../dist/public/[22m[36massets/ink-FZMYZWHG-62p-5IK5.js                  [39m[1m[2m    1.38 kB[22m[1m[22m[2m Γöé gzip:   0.61 kB[22m
[2m../dist/public/[22m[36massets/apechain-SX5YFU6N-q5qBv-mp.js             [39m[1m[2m    1.46 kB[22m[1m[22m[2m Γöé gzip:   0.64 kB[22m
[2m../dist/public/[22m[36massets/kaia-65D2U3PU-JmuLQ4gC.js                 [39m[1m[2m    1.48 kB[22m[1m[22m[2m Γöé gzip:   0.67 kB[22m
[2m../dist/public/[22m[36massets/degen-FQQ4XGHB-CeHTs88l.js                [39m[1m[2m    1.49 kB[22m[1m[22m[2m Γöé gzip:   0.72 kB[22m
[2m../dist/public/[22m[36massets/cronos-HJPAQTAE-BEOvlOC4.js               [39m[1m[2m    1.52 kB[22m[1m[22m[2m Γöé gzip:   0.61 kB[22m
[2m../dist/public/[22m[36massets/polygon-WW6ZI7PM-DXlmm4L1.js              [39m[1m[2m    1.53 kB[22m[1m[22m[2m Γöé gzip:   0.63 kB[22m
[2m../dist/public/[22m[36massets/gravity-J5YQHTYH-Bj6B0uod.js              [39m[1m[2m    1.54 kB[22m[1m[22m[2m Γöé gzip:   0.74 kB[22m
[2m../dist/public/[22m[36massets/bsc-N647EYR2-B2nLKXWV.js                  [39m[1m[2m    1.59 kB[22m[1m[22m[2m Γöé gzip:   0.61 kB[22m
[2m../dist/public/[22m[36massets/blast-V555OVXZ-BbhJh1tj.js                [39m[1m[2m    1.67 kB[22m[1m[22m[2m Γöé gzip:   0.73 kB[22m
[2m../dist/public/[22m[36massets/Chrome-65Q5P54Y-DR9MQEVr.js               [39m[1m[2m    1.72 kB[22m[1m[22m[2m Γöé gzip:   0.58 kB[22m
[2m../dist/public/[22m[36massets/gnosis-37ZC4RBL-B137OtHZ.js               [39m[1m[2m    1.80 kB[22m[1m[22m[2m Γöé gzip:   0.72 kB[22m
[2m../dist/public/[22m[36massets/safeWallet-5MNKTR5Z-D-5imDLD.js           [39m[1m[2m    1.82 kB[22m[1m[22m[2m Γöé gzip:   0.71 kB[22m
[2m../dist/public/[22m[36massets/walletConnectWallet-YHWKVTDY-D3lyiczV.js  [39m[1m[2m    1.88 kB[22m[1m[22m[2m Γöé gzip:   0.70 kB[22m
[2m../dist/public/[22m[36massets/Opera-KQZLSACL-Cwv5MDFy.js                [39m[1m[2m    2.10 kB[22m[1m[22m[2m Γöé gzip:   0.76 kB[22m
[2m../dist/public/[22m[36massets/arbitrum-WURIBY6W-CqVkHBr5.js             [39m[1m[2m    2.59 kB[22m[1m[22m[2m Γöé gzip:   0.86 kB[22m
[2m../dist/public/[22m[36massets/ccip-CKXhuTKG.js                          [39m[1m[2m    2.61 kB[22m[1m[22m[2m Γöé gzip:   1.23 kB[22m
[2m../dist/public/[22m[36massets/scroll-5OBGQVOV-DJFECiai.js               [39m[1m[2m    2.63 kB[22m[1m[22m[2m Γöé gzip:   1.02 kB[22m
[2m../dist/public/[22m[36massets/ronin-EMCPYXZT-N-QBHZdV.js                [39m[1m[2m    2.67 kB[22m[1m[22m[2m Γöé gzip:   1.20 kB[22m
[2m../dist/public/[22m[36massets/zora-FYL5H3IO-iB4wygST.js                 [39m[1m[2m    2.68 kB[22m[1m[22m[2m Γöé gzip:   0.59 kB[22m
[2m../dist/public/[22m[36massets/refresh-S4T5V5GX-CwqIaaxK.js              [39m[1m[2m    3.00 kB[22m[1m[22m[2m Γöé gzip:   0.95 kB[22m
[2m../dist/public/[22m[36massets/manta-SI27YFEJ-CpVOKa06.js                [39m[1m[2m    3.20 kB[22m[1m[22m[2m Γöé gzip:   1.33 kB[22m
[2m../dist/public/[22m[36massets/connect-UA7M4XW6-IY3X6Bmr.js              [39m[1m[2m    3.55 kB[22m[1m[22m[2m Γöé gzip:   1.08 kB[22m
[2m../dist/public/[22m[36massets/berachain-NJECWIVC-DumxnFvf.js            [39m[1m[2m    3.78 kB[22m[1m[22m[2m Γöé gzip:   1.25 kB[22m
[2m../dist/public/[22m[36massets/hardhat-TX56IT5N-CV1FY-wE.js              [39m[1m[2m    4.20 kB[22m[1m[22m[2m Γöé gzip:   1.35 kB[22m
[2m../dist/public/[22m[36massets/Brave-BRAKJXDS-mq-Xo37j.js                [39m[1m[2m    4.26 kB[22m[1m[22m[2m Γöé gzip:   1.49 kB[22m
[2m../dist/public/[22m[36massets/create-FASO7PVG-D_rvSpre.js               [39m[1m[2m    4.33 kB[22m[1m[22m[2m Γöé gzip:   1.09 kB[22m
[2m../dist/public/[22m[36massets/scan-4UYSQ56Q-CjMz6-XC.js                 [39m[1m[2m    4.59 kB[22m[1m[22m[2m Γöé gzip:   1.16 kB[22m
[2m../dist/public/[22m[36massets/rainbowWallet-O26YNBMX-DUhYus-9.js        [39m[1m[2m    5.12 kB[22m[1m[22m[2m Γöé gzip:   0.96 kB[22m
[2m../dist/public/[22m[36massets/mantle-CKIUT334-DR2WgqzU.js               [39m[1m[2m    5.27 kB[22m[1m[22m[2m Γöé gzip:   2.25 kB[22m
[2m../dist/public/[22m[36massets/sign-A7IJEUT5-CGsRnPrd.js                 [39m[1m[2m    5.55 kB[22m[1m[22m[2m Γöé gzip:   4.23 kB[22m
[2m../dist/public/[22m[36massets/Edge-XSPUTORV-DEoZslQE.js                 [39m[1m[2m    5.82 kB[22m[1m[22m[2m Γöé gzip:   1.34 kB[22m
[2m../dist/public/[22m[36massets/Arc-VDBY7LNS-BChRXCXW.js                  [39m[1m[2m    6.62 kB[22m[1m[22m[2m Γöé gzip:   1.62 kB[22m
[2m../dist/public/[22m[36massets/metaMaskWallet-SITXT2FV-BlemcphV.js       [39m[1m[2m    8.51 kB[22m[1m[22m[2m Γöé gzip:   1.23 kB[22m
[2m../dist/public/[22m[36massets/index-DI-7khOD.js                         [39m[1m[2m    9.39 kB[22m[1m[22m[2m Γöé gzip:   3.07 kB[22m
[2m../dist/public/[22m[36massets/Browser-76IHF3Y2-BMhRaC5Z.js              [39m[1m[2m   11.82 kB[22m[1m[22m[2m Γöé gzip:   2.18 kB[22m
[2m../dist/public/[22m[36massets/login-UP3DZBGS-Db_wM5oQ.js                [39m[1m[2m   12.00 kB[22m[1m[22m[2m Γöé gzip:   2.98 kB[22m
[2m../dist/public/[22m[36massets/Safari-ZPL37GXR-C4Ggg6rz.js               [39m[1m[2m   13.75 kB[22m[1m[22m[2m Γöé gzip:   3.75 kB[22m
[2m../dist/public/[22m[36massets/Firefox-AAHGJQIP-Bp_Hm04m.js              [39m[1m[2m   15.19 kB[22m[1m[22m[2m Γöé gzip:   3.39 kB[22m
[2m../dist/public/[22m[36massets/index-H-Ckw-g_.js                         [39m[1m[2m   17.00 kB[22m[1m[22m[2m Γöé gzip:   4.74 kB[22m
[2m../dist/public/[22m[36massets/sanko-RHQYXGM5-OX010CbN.js                [39m[1m[2m   21.93 kB[22m[1m[22m[2m Γöé gzip:  16.45 kB[22m
[2m../dist/public/[22m[36massets/assets-Q6ZU7ZJ5-P8HioiAD.js               [39m[1m[2m   23.62 kB[22m[1m[22m[2m Γöé gzip:   4.10 kB[22m
[2m../dist/public/[22m[36massets/Macos-MW4AE7LN-Vvm8Drw3.js                [39m[1m[2m   49.68 kB[22m[1m[22m[2m Γöé gzip:  35.82 kB[22m
[2m../dist/public/[22m[36massets/zh_CN-HJBN674C-Baf0GEeT.js                [39m[1m[2m   53.48 kB[22m[1m[22m[2m Γöé gzip:   5.65 kB[22m
[2m../dist/public/[22m[36massets/zh_TW-VNNRNXY7-aWfg7Qp4.js                [39m[1m[2m   53.48 kB[22m[1m[22m[2m Γöé gzip:   5.31 kB[22m
[2m../dist/public/[22m[36massets/zh_HK-JW3WLRKE-VztJKXL5.js                [39m[1m[2m   54.34 kB[22m[1m[22m[2m Γöé gzip:   5.36 kB[22m
[2m../dist/public/[22m[36massets/id_ID-KUOB4UAL-K9y-nRWm.js                [39m[1m[2m   58.82 kB[22m[1m[22m[2m Γöé gzip:   5.39 kB[22m
[2m../dist/public/[22m[36massets/ms_MY-6VZW6Q3Z-BtFD07hR.js                [39m[1m[2m   59.65 kB[22m[1m[22m[2m Γöé gzip:   5.03 kB[22m
[2m../dist/public/[22m[36massets/pt_BR-N3XOZ4SV-CvVpfsHb.js                [39m[1m[2m   59.96 kB[22m[1m[22m[2m Γöé gzip:   5.17 kB[22m
[2m../dist/public/[22m[36massets/es_419-HRGOJ6VT-D-qzxUM-.js               [39m[1m[2m   60.30 kB[22m[1m[22m[2m Γöé gzip:   5.53 kB[22m
[2m../dist/public/[22m[36massets/tr_TR-QUPUGMUF-CwpF6ZFn.js                [39m[1m[2m   61.98 kB[22m[1m[22m[2m Γöé gzip:   5.63 kB[22m
[2m../dist/public/[22m[36massets/ko_KR-I2K7AIEP-B5gw8Mwb.js                [39m[1m[2m   63.98 kB[22m[1m[22m[2m Γöé gzip:   6.40 kB[22m
[2m../dist/public/[22m[36massets/de_DE-PYAO5YD6-BWlqPWgO.js                [39m[1m[2m   65.39 kB[22m[1m[22m[2m Γöé gzip:   5.43 kB[22m
[2m../dist/public/[22m[36massets/fr_FR-IGGVC6RM-D8LpUM75.js                [39m[1m[2m   66.06 kB[22m[1m[22m[2m Γöé gzip:   5.48 kB[22m
[2m../dist/public/[22m[36massets/vi_VN-7BUVRNYY-CZ9S75qZ.js                [39m[1m[2m   67.43 kB[22m[1m[22m[2m Γöé gzip:   5.34 kB[22m
[2m../dist/public/[22m[36massets/ar_AR-44JUQ6EW-BMX-am0v.js                [39m[1m[2m   69.61 kB[22m[1m[22m[2m Γöé gzip:   6.06 kB[22m
[2m../dist/public/[22m[36massets/ja_JP-4WRQ63RX-Ct5pF4ug.js                [39m[1m[2m   72.05 kB[22m[1m[22m[2m Γöé gzip:   6.46 kB[22m
[2m../dist/public/[22m[36massets/uk_UA-SSN6SV5E-IlYYyRC6.js                [39m[1m[2m   87.23 kB[22m[1m[22m[2m Γöé gzip:   6.18 kB[22m
[2m../dist/public/[22m[36massets/ru_RU-IITAPRET-DOj6Jzj7.js                [39m[1m[2m   88.79 kB[22m[1m[22m[2m Γöé gzip:   6.85 kB[22m
[2m../dist/public/[22m[36massets/Linux-OO4TNCLJ-B0aw93n9.js                [39m[1m[2m   91.13 kB[22m[1m[22m[2m Γöé gzip:  14.88 kB[22m
[2m../dist/public/[22m[36massets/th_TH-3ZQCKCQE-BcHUN2Q4.js                [39m[1m[2m  104.07 kB[22m[1m[22m[2m Γöé gzip:   7.53 kB[22m
[2m../dist/public/[22m[36massets/hi_IN-XSKAA3MF-C3QUpWyP.js                [39m[1m[2m  108.00 kB[22m[1m[22m[2m Γöé gzip:   7.96 kB[22m
[2m../dist/public/[22m[36massets/index-g4wGTXOt.js                         [39m[1m[2m  311.24 kB[22m[1m[22m[2m Γöé gzip: 118.54 kB[22m
[2m../dist/public/[22m[36massets/index-CpCUuV4z.js                         [39m[1m[33m  577.88 kB[39m[22m[2m Γöé gzip: 158.95 kB[22m
[2m../dist/public/[22m[36massets/index-BeluAoKn.js                         [39m[1m[33m1,579.95 kB[39m[22m[2m Γöé gzip: 468.15 kB[22m
[33m
(!) Some chunks are 
larger than 500 kB 
after minification. 
Consider:
- Using dynamic 
import() to 
code-split the 
application
- Use build.rollupOpt
ions.output.manualChu
nks to improve 
chunking: https://rol
lupjs.org/configurati
on-options/#output-ma
nualchunks
- Adjust chunk size 
limit for this 
warning via build.chu
nkSizeWarningLimit.[
39m
[32mΓ£ô built in 1m 17s[39m
building server...
X [ERROR] Top-level 
await is currently 
not supported with 
the "cjs" output 
format

    
server/index.ts:89:0:
      89 Γöé await re
gisterRoutes(httpServ
er, app);
         Γò╡ ~~~~~

X [ERROR] Could not 
resolve "ioredis"

    
server/cache.ts:1:18:
      1 Γöé import 
Redis from 'ioredis';
        Γò╡          
         ~~~~~~~~~

  You can mark the 
path "ioredis" as 
external to exclude 
it from the bundle, 
which will remove 
this error and leave 
the unresolved path 
in the bundle.

2 errors
Error: Build failed 
with 2 errors:
server/cache.ts:1:18:
 ERROR: Could not 
resolve "ioredis"
server/index.ts:89:0:
 ERROR: Top-level 
await is currently 
not supported with 
the "cjs" output 
format
    at 
failureErrorWithLog (
C:\Users\toluk\Downlo
ads\Xen-Markets\Xen-M
arkets\node_modules\e
sbuild\lib\main.js:14
67:15)
    at C:\Users\toluk
\Downloads\Xen-Market
s\Xen-Markets\node_mo
dules\esbuild\lib\mai
n.js:926:25
    at C:\Users\toluk
\Downloads\Xen-Market
s\Xen-Markets\node_mo
dules\esbuild\lib\mai
n.js:878:52
    at buildResponseT
oResult (C:\Users\tol
uk\Downloads\Xen-Mark
ets\Xen-Markets\node_
modules\esbuild\lib\m
ain.js:924:7)
    at C:\Users\toluk
\Downloads\Xen-Market
s\Xen-Markets\node_mo
dules\esbuild\lib\mai
n.js:951:16
    at responseCallba
cks.<computed> (C:\Us
ers\toluk\Downloads\X
en-Markets\Xen-Market
s\node_modules\esbuil
d\lib\main.js:603:9)
    at 
handleIncomingPacket 
(C:\Users\toluk\Downl
oads\Xen-Markets\Xen-
Markets\node_modules\
esbuild\lib\main.js:6
58:12)
    at Socket.readFro
mStdout (C:\Users\tol
uk\Downloads\Xen-Mark
ets\Xen-Markets\node_
modules\esbuild\lib\m
ain.js:581:7)
    at Socket.emit 
(node:events:519:28)
    at addChunk (node
:internal/streams/rea
dable:561:12) {
  errors: 
[Getter/Setter],
  warnings: 
[Getter/Setter]
}
